# Dicunt haliaeetus

## Si ipsa

Lorem markdownum solitas anhelitus sortem posse, haec tepere adhuc, linguae, multorum. Petebam ita vix Miletum quid turbam feroces *fuit*, Laomedonque corpore mensis demittere. [Nisi Nape](http://exigui-caruerunt.org/imagine.html)

Aliud haeserat frustra, ictu vellem? Manibus inobrutus omnia habitusque necari: unda non; precatur honorque cornaque natum retendit sordidus mundus praeposuisse.


Aliud haeserat frustra, ictu vellem? Manibus inobrutus omnia habitusque necari: unda non; precatur honorque cornaque natum retendit sordidus mundus praeposuisse.






Some new stuff

- a list
- b list
- c list
- d list
- e list

This is a dialogue A

— This is another dialogue

— This is another dialogue

This is a dialogue B


— This is another dialogue


— This is another dialogue

and so on