# Chapter 1

	Paragraph One
	Paragraph Two
	Paragraph Three

	Paragraph After a break

# Chapter 3


	Again Indented

	And Again